test_a_exact_ppe_ie_sal_codes_select_only_their_canonical_targets (test_applicability_resolution.ApplicabilityResolutionContractTests.test_a_exact_ppe_ie_sal_codes_select_only_their_canonical_targets) ... ok
test_b_igc_absence_is_negative_only_with_complete_verifiable_section (test_applicability_resolution.ApplicabilityResolutionContractTests.test_b_igc_absence_is_negative_only_with_complete_verifiable_section) ... ok
test_c_rpci_glp_text_is_ignored (test_applicability_resolution.ApplicabilityResolutionContractTests.test_c_rpci_glp_text_is_ignored) ... ok
test_d_drt_art_is_ignored (test_applicability_resolution.ApplicabilityResolutionContractTests.test_d_drt_art_is_ignored) ... ok
test_e_glp_mass_is_ignored (test_applicability_resolution.ApplicabilityResolutionContractTests.test_e_glp_mass_is_ignored) ... ok
test_f_all_28_official_codes_are_representable_and_exact (test_applicability_resolution.ApplicabilityResolutionContractTests.test_f_all_28_official_codes_are_representable_and_exact) ... ok
test_g_existing_mapping_and_official_aliases_are_preserved (test_applicability_resolution.ApplicabilityResolutionContractTests.test_g_existing_mapping_and_official_aliases_are_preserved) ... ok
test_h_se_is_official_and_has_t1_worklist_but_no_t4_criterion (test_applicability_resolution.ApplicabilityResolutionContractTests.test_h_se_is_official_and_has_t1_worklist_but_no_t4_criterion) ... ok
test_i_shp_preserves_current_t4_scope (test_applicability_resolution.ApplicabilityResolutionContractTests.test_i_shp_preserves_current_t4_scope) ... ok
test_in19_54a_a_iel_absent_preserves_53_without_regime (test_applicability_resolution.ApplicabilityResolutionContractTests.test_in19_54a_a_iel_absent_preserves_53_without_regime) ... ok
test_in19_54a_b_current_selects_only_three_ordinary_requirements (test_applicability_resolution.ApplicabilityResolutionContractTests.test_in19_54a_b_current_selects_only_three_ordinary_requirements) ... ok
test_in19_54a_c_legacy_boundary_selects_only_legacy (test_applicability_resolution.ApplicabilityResolutionContractTests.test_in19_54a_c_legacy_boundary_selects_only_legacy) ... ok
test_in19_54a_d_legacy_execution_passes_other_paths_review (test_applicability_resolution.ApplicabilityResolutionContractTests.test_in19_54a_d_legacy_execution_passes_other_paths_review) ... ok
test_in19_54a_e_unresolved_selects_only_regime_review (test_applicability_resolution.ApplicabilityResolutionContractTests.test_in19_54a_e_unresolved_selects_only_regime_review) ... ok
test_in19_54a_f_exactly_one_branch_for_positive_iel (test_applicability_resolution.ApplicabilityResolutionContractTests.test_in19_54a_f_exactly_one_branch_for_positive_iel) ... ok
test_in19_54a_g_incomplete_section_blocks_before_regime (test_applicability_resolution.ApplicabilityResolutionContractTests.test_in19_54a_g_incomplete_section_blocks_before_regime) ... ok
test_in19_54a_h_other_official_smsci_remain_independent (test_applicability_resolution.ApplicabilityResolutionContractTests.test_in19_54a_h_other_official_smsci_remain_independent) ... ok
test_in19_54a_i_review_scope_is_outside_t1_smsci_worklist (test_applicability_resolution.ApplicabilityResolutionContractTests.test_in19_54a_i_review_scope_is_outside_t1_smsci_worklist) ... ok
test_in19_54a_j_manual_reviews_use_human_treatment_without_nc (test_applicability_resolution.ApplicabilityResolutionContractTests.test_in19_54a_j_manual_reviews_use_human_treatment_without_nc) ... ok
test_in19_54a_k_only_request_date_is_authorized (test_applicability_resolution.ApplicabilityResolutionContractTests.test_in19_54a_k_only_request_date_is_authorized) ... ok
test_in19_54a_l_etc_and_renata_textual_minimal_fixtures (test_applicability_resolution.ApplicabilityResolutionContractTests.test_in19_54a_l_etc_and_renata_textual_minimal_fixtures) ... ok
test_j_documentary_incompleteness_blocks_before_engine (test_applicability_resolution.ApplicabilityResolutionContractTests.test_j_documentary_incompleteness_blocks_before_engine) ... ok
test_k_laudo_central_glp_and_textual_mentions_do_not_activate (test_applicability_resolution.ApplicabilityResolutionContractTests.test_k_laudo_central_glp_and_textual_mentions_do_not_activate) ... ok
test_l1_process_identifier_alone_cannot_select_current_request (test_applicability_resolution.ApplicabilityResolutionContractTests.test_l1_process_identifier_alone_cannot_select_current_request) ... ok
test_l1b_conflicting_strong_identifiers_block (test_applicability_resolution.ApplicabilityResolutionContractTests.test_l1b_conflicting_strong_identifiers_block) ... ok
test_l1c_generic_historical_document_does_not_compete (test_applicability_resolution.ApplicabilityResolutionContractTests.test_l1c_generic_historical_document_does_not_compete) ... ok
test_l1d_strong_match_with_different_process_does_not_select (test_applicability_resolution.ApplicabilityResolutionContractTests.test_l1d_strong_match_with_different_process_does_not_select) ... ok
test_l2_unknown_code_or_incomplete_trace_blocks (test_applicability_resolution.ApplicabilityResolutionContractTests.test_l2_unknown_code_or_incomplete_trace_blocks) ... ok
test_l_multiple_or_nonmatching_comprovantes_block (test_applicability_resolution.ApplicabilityResolutionContractTests.test_l_multiple_or_nonmatching_comprovantes_block) ... ok
test_m_ai_and_dai_are_preserved_and_derive_sdai (test_applicability_resolution.ApplicabilityResolutionContractTests.test_m_ai_and_dai_are_preserved_and_derive_sdai) ... ok
test_n_m5_and_other_internal_scopes_are_not_official_or_direct (test_applicability_resolution.ApplicabilityResolutionContractTests.test_n_m5_and_other_internal_scopes_are_not_official_or_direct) ... ok
test_o_engine_consumes_only_resolved_scope (test_applicability_resolution.ApplicabilityResolutionContractTests.test_o_engine_consumes_only_resolved_scope) ... ok
test_p_protected_requirements_tables_and_rde_semantics_remain_current (test_applicability_resolution.ApplicabilityResolutionContractTests.test_p_protected_requirements_tables_and_rde_semantics_remain_current) ... ok
test_q_base_inventory_and_invariants (test_applicability_resolution.ApplicabilityResolutionContractTests.test_q_base_inventory_and_invariants) ... ok
test_r_existing_requirement_and_criterion_selection_regression (test_applicability_resolution.ApplicabilityResolutionContractTests.test_r_existing_requirement_and_criterion_selection_regression) ... ok
test_s_general_requirements_bypass_smsci_gate_regression (test_applicability_resolution.ApplicabilityResolutionContractTests.test_s_general_requirements_bypass_smsci_gate_regression) ... ok
test_t_worklist_is_subset_and_excludes_derived_scope_regression (test_applicability_resolution.ApplicabilityResolutionContractTests.test_t_worklist_is_subset_and_excludes_derived_scope_regression) ... ok
test_u_closed_phase_boundaries_and_immutability_regression (test_applicability_resolution.ApplicabilityResolutionContractTests.test_u_closed_phase_boundaries_and_immutability_regression) ... ok
test_v_reports_and_obsolete_reference_regression (test_applicability_resolution.ApplicabilityResolutionContractTests.test_v_reports_and_obsolete_reference_regression) ... ok
test_br_irregular_is_false (test_cbmsc_professional_regularity.ProfessionalRegularityResolverTests.test_br_irregular_is_false) ... ok
test_br_regular_is_true (test_cbmsc_professional_regularity.ProfessionalRegularityResolverTests.test_br_regular_is_true) ... ok
test_br_without_documented_irregularity_is_true (test_cbmsc_professional_regularity.ProfessionalRegularityResolverTests.test_br_without_documented_irregularity_is_true) ... ok
test_empty_council_state_requires_manual_review (test_cbmsc_professional_regularity.ProfessionalRegularityResolverTests.test_empty_council_state_requires_manual_review) ... ok
test_missing_council_state_requires_manual_review (test_cbmsc_professional_regularity.ProfessionalRegularityResolverTests.test_missing_council_state_requires_manual_review) ... ok
test_missing_council_state_with_work_state_sc_is_manual_review (test_cbmsc_professional_regularity.ProfessionalRegularityResolverTests.test_missing_council_state_with_work_state_sc_is_manual_review) ... ok
test_missing_drt_evidence_requires_manual_review (test_cbmsc_professional_regularity.ProfessionalRegularityResolverTests.test_missing_drt_evidence_requires_manual_review) ... ok
test_missing_drt_requires_manual_review (test_cbmsc_professional_regularity.ProfessionalRegularityResolverTests.test_missing_drt_requires_manual_review) ... ok
test_other_uf_remains_manual_review_even_if_irregular (test_cbmsc_professional_regularity.ProfessionalRegularityResolverTests.test_other_uf_remains_manual_review_even_if_irregular) ... ok
test_other_uf_requires_manual_review (test_cbmsc_professional_regularity.ProfessionalRegularityResolverTests.test_other_uf_requires_manual_review) ... ok
test_predicate_contract_rejects_not_applicable (test_cbmsc_professional_regularity.ProfessionalRegularityResolverTests.test_predicate_contract_rejects_not_applicable) ... ok
test_predicate_is_executed_by_generic_engine (test_cbmsc_professional_regularity.ProfessionalRegularityResolverTests.test_predicate_is_executed_by_generic_engine) ... ok
test_real_criterion_executes_through_engine (test_cbmsc_professional_regularity.ProfessionalRegularityResolverTests.test_real_criterion_executes_through_engine) ... ok
test_sc_irregular_is_false (test_cbmsc_professional_regularity.ProfessionalRegularityResolverTests.test_sc_irregular_is_false) ... ok
test_sc_regular_is_true (test_cbmsc_professional_regularity.ProfessionalRegularityResolverTests.test_sc_regular_is_true) ... ok
test_sc_without_documented_irregularity_is_true (test_cbmsc_professional_regularity.ProfessionalRegularityResolverTests.test_sc_without_documented_irregularity_is_true) ... ok
test_work_state_does_not_replace_missing_council_state (test_cbmsc_professional_regularity.ProfessionalRegularityResolverTests.test_work_state_does_not_replace_missing_council_state) ... ok
test_all_precedence (test_engine_infrastructure.EngineInfrastructureTests.test_all_precedence) ... ok
test_allowed_result_contract_is_enforced (test_engine_infrastructure.EngineInfrastructureTests.test_allowed_result_contract_is_enforced) ... ok
test_criterion_applicability_and_traceability (test_engine_infrastructure.EngineInfrastructureTests.test_criterion_applicability_and_traceability) ... FAIL
test_criterion_ir_creation (test_engine_infrastructure.EngineInfrastructureTests.test_criterion_ir_creation) ... ok
test_exists_uses_process_memory_only (test_engine_infrastructure.EngineInfrastructureTests.test_exists_uses_process_memory_only) ... ok
test_expected_result_is_true_by_contract (test_engine_infrastructure.EngineInfrastructureTests.test_expected_result_is_true_by_contract) ... ok
test_for_each_is_structural_all (test_engine_infrastructure.EngineInfrastructureTests.test_for_each_is_structural_all) ... ok
test_incompatible_arguments_are_rejected (test_engine_infrastructure.EngineInfrastructureTests.test_incompatible_arguments_are_rejected) ... ok
test_missing_predicate_is_rejected (test_engine_infrastructure.EngineInfrastructureTests.test_missing_predicate_is_rejected) ... ok
test_or_precedence (test_engine_infrastructure.EngineInfrastructureTests.test_or_precedence) ... ok
test_predicate_expression_creation (test_engine_infrastructure.EngineInfrastructureTests.test_predicate_expression_creation) ... ok
test_predicate_rejects_not_applicable (test_engine_infrastructure.EngineInfrastructureTests.test_predicate_rejects_not_applicable) ... ok
test_registry_contract_set_is_immutable (test_engine_infrastructure.EngineInfrastructureTests.test_registry_contract_set_is_immutable) ... ok
test_registry_resolves_by_id (test_engine_infrastructure.EngineInfrastructureTests.test_registry_resolves_by_id) ... ok
test_resolver_receives_only_process_memory_interface (test_engine_infrastructure.EngineInfrastructureTests.test_resolver_receives_only_process_memory_interface) ... ok
test_result_propagation (test_engine_infrastructure.EngineInfrastructureTests.test_result_propagation) ... ok
test_all_applicable_requirements_and_criteria_enter_plan (test_execution_pipeline_minimal_guard.MinimalGuardContractTests.test_all_applicable_requirements_and_criteria_enter_plan) ... ok
test_applicability_is_input_only_and_projection_follows_integrity (test_execution_pipeline_minimal_guard.MinimalGuardContractTests.test_applicability_is_input_only_and_projection_follows_integrity) ... ok
test_base_requirements_and_criteria_links_have_integral_coverage (test_execution_pipeline_minimal_guard.MinimalGuardContractTests.test_base_requirements_and_criteria_links_have_integral_coverage) ... ok
test_duplicate_result_is_detected (test_execution_pipeline_minimal_guard.MinimalGuardContractTests.test_duplicate_result_is_detected) ... ok
test_exactly_one_result_per_unit_and_orphan_is_detected (test_execution_pipeline_minimal_guard.MinimalGuardContractTests.test_exactly_one_result_per_unit_and_orphan_is_detected) ... ok
test_extra_criterion_is_detected (test_execution_pipeline_minimal_guard.MinimalGuardContractTests.test_extra_criterion_is_detected) ... ok
test_for_each_requires_all_and_only_planned_bindings (test_execution_pipeline_minimal_guard.MinimalGuardContractTests.test_for_each_requires_all_and_only_planned_bindings) ... ok
test_in19_applicability_review_unit_is_non_iterative (test_execution_pipeline_minimal_guard.MinimalGuardContractTests.test_in19_applicability_review_unit_is_non_iterative) ... ok
test_in19_regime_units_enter_closed_plan_and_reconcile (test_execution_pipeline_minimal_guard.MinimalGuardContractTests.test_in19_regime_units_enter_closed_plan_and_reconcile) ... ok
test_iterative_unit_requires_iteration_domain (test_execution_pipeline_minimal_guard.MinimalGuardContractTests.test_iterative_unit_requires_iteration_domain) ... ok
test_missing_evaluated_bindings_is_detected (test_execution_pipeline_minimal_guard.MinimalGuardContractTests.test_missing_evaluated_bindings_is_detected) ... ok
test_omitted_criterion_is_detected (test_execution_pipeline_minimal_guard.MinimalGuardContractTests.test_omitted_criterion_is_detected) ... ok
test_phase4c_consumes_exactly_one_preselected_in19_branch (test_execution_pipeline_minimal_guard.MinimalGuardContractTests.test_phase4c_consumes_exactly_one_preselected_in19_branch) ... ok
test_pipeline_declares_closed_plan_and_integrity_boundary (test_execution_pipeline_minimal_guard.MinimalGuardContractTests.test_pipeline_declares_closed_plan_and_integrity_boundary) ... ok
test_plan_is_ordered_read_only_and_fact_only (test_execution_pipeline_minimal_guard.MinimalGuardContractTests.test_plan_is_ordered_read_only_and_fact_only) ... ok
test_t1_drt_coverage_remains_one_aggregated_unit (test_execution_pipeline_minimal_guard.MinimalGuardContractTests.test_t1_drt_coverage_remains_one_aggregated_unit) ... ok
test_worklist_smsci_contract_remains_unchanged_for_54a (test_execution_pipeline_minimal_guard.MinimalGuardContractTests.test_worklist_smsci_contract_remains_unchanged_for_54a) ... ok
test_a_all_declared_irv_mappings_match_the_contract_inventory (test_irv_operational_projection.IRVOperationalProjectionContractTests.test_a_all_declared_irv_mappings_match_the_contract_inventory) ... ok
test_b_actionable_coverage_and_explicit_non_irv_exceptions (test_irv_operational_projection.IRVOperationalProjectionContractTests.test_b_actionable_coverage_and_explicit_non_irv_exceptions) ... ok
test_c_in8_produces_two_distinct_pending_entries (test_irv_operational_projection.IRVOperationalProjectionContractTests.test_c_in8_produces_two_distinct_pending_entries) ... ok
test_d1_in19_manual_reviews_are_human_treatment_not_esci_pending (test_irv_operational_projection.IRVOperationalProjectionContractTests.test_d1_in19_manual_reviews_are_human_treatment_not_esci_pending) ... ok
test_d_in19_keeps_direct_causes_and_pending_entries_distinct (test_irv_operational_projection.IRVOperationalProjectionContractTests.test_d_in19_keeps_direct_causes_and_pending_entries_distinct) ... ok
test_e1_article_108_and_authenticity_preserve_subcause_leaves (test_irv_operational_projection.IRVOperationalProjectionContractTests.test_e1_article_108_and_authenticity_preserve_subcause_leaves) ... ok
test_e2_mapping_cardinality_is_ten_subcauses_and_twenty_direct_causes (test_irv_operational_projection.IRVOperationalProjectionContractTests.test_e2_mapping_cardinality_is_ten_subcauses_and_twenty_direct_causes) ... ok
test_e3_direct_cause_coverage_has_no_artificial_subcause (test_irv_operational_projection.IRVOperationalProjectionContractTests.test_e3_direct_cause_coverage_has_no_artificial_subcause) ... ok
test_e_in1_basic_data_preserves_parent_and_four_subcauses (test_irv_operational_projection.IRVOperationalProjectionContractTests.test_e_in1_basic_data_preserves_parent_and_four_subcauses) ... ok
test_f_description_is_absent_for_simple_document_absence (test_irv_operational_projection.IRVOperationalProjectionContractTests.test_f_description_is_absent_for_simple_document_absence) ... ok
test_g_concrete_divergence_uses_only_relevant_documentary_values (test_irv_operational_projection.IRVOperationalProjectionContractTests.test_g_concrete_divergence_uses_only_relevant_documentary_values) ... ok
test_h_wrong_file_in_drt_field_gets_a_minimal_factual_description (test_irv_operational_projection.IRVOperationalProjectionContractTests.test_h_wrong_file_in_drt_field_gets_a_minimal_factual_description) ... ok
test_i_description_hard_limit_and_non_duplication (test_irv_operational_projection.IRVOperationalProjectionContractTests.test_i_description_hard_limit_and_non_duplication) ... ok
test_j1_t1_smsci_for_each_produces_one_pending_with_aggregated_evidence (test_irv_operational_projection.IRVOperationalProjectionContractTests.test_j1_t1_smsci_for_each_produces_one_pending_with_aggregated_evidence) ... ok
test_j_counter_inconsistency_is_audit_only_and_non_blocking (test_irv_operational_projection.IRVOperationalProjectionContractTests.test_j_counter_inconsistency_is_audit_only_and_non_blocking) ... ok
test_k_operational_status_is_neutral_and_deterministic (test_irv_operational_projection.IRVOperationalProjectionContractTests.test_k_operational_status_is_neutral_and_deterministic) ... ok
test_l_non_irv_fail_is_preserved_for_human_treatment (test_irv_operational_projection.IRVOperationalProjectionContractTests.test_l_non_irv_fail_is_preserved_for_human_treatment) ... ok
test_m_report_and_pipeline_keep_projection_after_consolidation (test_irv_operational_projection.IRVOperationalProjectionContractTests.test_m_report_and_pipeline_keep_projection_after_consolidation) ... ok
test_n_known_debts_remain_unresolved (test_irv_operational_projection.IRVOperationalProjectionContractTests.test_n_known_debts_remain_unresolved) ... ok
test_o_base_inventory_and_protected_catalog_sizes_remain_current (test_irv_operational_projection.IRVOperationalProjectionContractTests.test_o_base_inventory_and_protected_catalog_sizes_remain_current) ... ok
test_builder_produces_exactly_ten_self_versioned_documents (test_knowledge_base_identity.KnowledgeBaseIdentityContractTests.test_builder_produces_exactly_ten_self_versioned_documents) ... ok
test_compiled_index_is_release_only_and_canonical (test_knowledge_base_identity.KnowledgeBaseIdentityContractTests.test_compiled_index_is_release_only_and_canonical) ... ok
test_compiler_rejects_basic_integrity_failures (test_knowledge_base_identity.KnowledgeBaseIdentityContractTests.test_compiler_rejects_basic_integrity_failures) ... ok
test_every_manifest_entry_has_an_individual_semantic_version (test_knowledge_base_identity.KnowledgeBaseIdentityContractTests.test_every_manifest_entry_has_an_individual_semantic_version) ... ok
test_exactly_one_global_identity_and_required_fields (test_knowledge_base_identity.KnowledgeBaseIdentityContractTests.test_exactly_one_global_identity_and_required_fields) ... ok
test_existing_document_version_must_match_manifest (test_knowledge_base_identity.KnowledgeBaseIdentityContractTests.test_existing_document_version_must_match_manifest) ... ok
test_identity_contract_does_not_define_normative_objects (test_knowledge_base_identity.KnowledgeBaseIdentityContractTests.test_identity_contract_does_not_define_normative_objects) ... ok
test_identity_mismatch_is_audit_only_and_non_normative (test_knowledge_base_identity.KnowledgeBaseIdentityContractTests.test_identity_mismatch_is_audit_only_and_non_normative) ... ok
test_manifest_matches_exactly_the_real_ten_document_set (test_knowledge_base_identity.KnowledgeBaseIdentityContractTests.test_manifest_matches_exactly_the_real_ten_document_set) ... ok
test_operational_report_exposes_only_short_global_release (test_knowledge_base_identity.KnowledgeBaseIdentityContractTests.test_operational_report_exposes_only_short_global_release) ... ok
test_source_commit_is_resolved_only_by_clean_release_build (test_knowledge_base_identity.KnowledgeBaseIdentityContractTests.test_source_commit_is_resolved_only_by_clean_release_build) ... ok

======================================================================
FAIL: test_criterion_applicability_and_traceability (test_engine_infrastructure.EngineInfrastructureTests.test_criterion_applicability_and_traceability)
----------------------------------------------------------------------
Traceback (most recent call last):
  File "/tmp/astra-engine-mutation-copy/tests/test_engine_infrastructure.py", line 285, in test_criterion_applicability_and_traceability
    self.assertEqual(evaluation.trace[1].memory_references, (self.reference,))
AssertionError: Tuples differ: () != (TypedReference(kind='TEST_ENTITY', identifier='one'),)

Second tuple contains 1 additional elements.
First extra element 0:
TypedReference(kind='TEST_ENTITY', identifier='one')

- ()
+ (TypedReference(kind='TEST_ENTITY', identifier='one'),)

----------------------------------------------------------------------
Ran 120 tests in 0.022s

FAILED (failures=1)
